549642 Adama Mickiewicza 45 21.8 m -> 1 photos
64728 Kochanowskiego 76 31.0 m -> 6 photos
328986 Kochanowskiego 74 49.7 m -> 1 photos
64729 Kochanowskiego 75 51.7 m -> 3 photos
350597 Kochanowskiego 79 67.8 m -> 2 photos
328985 Kochanowskiego 73 73.6 m -> 1 photos
328987 Kochanowskiego 72 74.4 m -> 3 photos
328990 Kochanowskiego 71 92.9 m -> 2 photos
328992 Kochanowskiego 70 93.2 m -> 4 photos
328993 Kochanowskiego 69 108.9 m -> 3 photos
328994 Kochanowskiego 68 110.7 m -> 2 photos
550194 Kochanowskiego 81-83-85 119.8 m -> 1 photos
64725 Kochanowskiego 67 126.2 m -> 1 photos
328995 Kochanowskiego 66 131.9 m -> 2 photos
119892 Klonowicza 2C-F 135.0 m -> 1 photos
328996 Kochanowskiego 65 139.0 m -> 2 photos
549630 Kochanowskiego 82-84-86 143.1 m -> 3 photos
328997 Kochanowskiego 64 150.1 m -> 1 photos
93577 Mickiewicza 32-36 156.1 m -> 1 photos
328998 Kochanowskiego 63 161.5 m -> 1 photos
549633 Jana Kochanowskiego 88 175.2 m -> 1 photos
328999 Kochanowskiego 62 187.6 m -> 1 photos
329002 Kochanowskiego 61 195.9 m -> 1 photos
64726 Kochanowskiego 94 230.8 m -> 1 photos
24 objects, 38 photos, 27 game buildings matched
